08:32:28.896  ########## WARMUP (холостой повтор первого скилла: ['hold_RB', 'press_Y', 'release_RB']) ##########
08:32:28.897  === COMBO START ['hold_RB', 'press_Y', 'release_RB'] ===
08:32:28.897  HOLD    кнопка-модификатор RB
08:32:28.897          (пауза между шагами 64 мс)
08:32:28.965  PRESS   кнопка Y (down)
08:32:28.966          (держим Y 61 мс)
08:32:29.027  PRESS   кнопка Y (up)
08:32:29.027          (пауза между шагами 38 мс)
08:32:29.073  RELEASE кнопка-модификатор RB
08:32:29.074          (пауза между шагами 65 мс)
08:32:29.150  === COMBO END ===
08:32:30.042  ########## РОТАЦИЯ-ТЕСТ: 132.0 сек (самый долгий кулдаун 33.0с x4) ##########
08:32:30.044  ROTATION: цепочка 'Цепочка #1 (Основная)' кастуется, следующий повтор через 32.3с (диапазон 27.0-33.0с, независимо от других цепочек).
08:32:30.044  === COMBO START ['hold_RB', 'press_Y', 'release_RB'] ===
08:32:30.044  HOLD    кнопка-модификатор RB
08:32:30.044          (пауза между шагами 50 мс)
08:32:30.104  PRESS   кнопка Y (down)
08:32:30.105          (держим Y 95 мс)
08:32:30.212  PRESS   кнопка Y (up)
08:32:30.212          (пауза между шагами 60 мс)
08:32:30.273  RELEASE кнопка-модификатор RB
08:32:30.273          (пауза между шагами 48 мс)
08:32:30.334  === COMBO END ===
08:32:31.319  === COMBO START ['hold_RB', 'press_Y', 'release_RB'] ===
08:32:31.319  HOLD    кнопка-модификатор RB
08:32:31.319          (пауза между шагами 50 мс)
08:32:31.380  PRESS   кнопка Y (down)
08:32:31.380          (держим Y 74 мс)
08:32:31.457  PRESS   кнопка Y (up)
08:32:31.457          (пауза между шагами 48 мс)
08:32:31.519  RELEASE кнопка-модификатор RB
08:32:31.519          (пауза между шагами 67 мс)
08:32:31.595  === COMBO END ===
08:32:33.072  === COMBO START ['hold_RB', 'press_Y', 'release_RB'] ===
08:32:33.072  HOLD    кнопка-модификатор RB
08:32:33.072          (пауза между шагами 56 мс)
08:32:33.133  PRESS   кнопка Y (down)
08:32:33.133          (держим Y 102 мс)
08:32:33.241  PRESS   кнопка Y (up)
08:32:33.241          (пауза между шагами 50 мс)
08:32:33.302  RELEASE кнопка-модификатор RB
08:32:33.302          (пауза между шагами 65 мс)
08:32:33.379  === COMBO END ===
08:32:34.871  === COMBO START ['hold_RB', 'press_X', 'release_RB'] ===
08:32:34.872  HOLD    кнопка-модификатор RB
08:32:34.872          (пауза между шагами 48 мс)
08:32:34.933  PRESS   кнопка X (down)
08:32:34.933          (держим X 82 мс)
08:32:35.025  PRESS   кнопка X (up)
08:32:35.025          (пауза между шагами 68 мс)
08:32:35.102  RELEASE кнопка-модификатор RB
08:32:35.102          (пауза между шагами 57 мс)
08:32:35.163  === COMBO END ===
08:32:36.501  === COMBO START ['hold_RB', 'press_B', 'release_RB'] ===
08:32:36.501  HOLD    кнопка-модификатор RB
08:32:36.501          (пауза между шагами 58 мс)
08:32:36.563  PRESS   кнопка B (down)
08:32:36.563          (держим B 87 мс)
08:32:36.655  PRESS   кнопка B (up)
08:32:36.655          (пауза между шагами 40 мс)
08:32:36.701  RELEASE кнопка-модификатор RB
08:32:36.702          (пауза между шагами 52 мс)
08:32:36.763  === COMBO END ===
08:32:38.008  === COMBO START ['hold_RT', 'press_DPAD_DOWN', 'release_RT'] ===
08:32:38.008  HOLD    курок RT
08:32:38.008          (пауза между шагами 49 мс)
08:32:38.069  PRESS   кнопка DPAD_DOWN (down)
08:32:38.069          (держим DPAD_DOWN 83 мс)
08:32:38.162  PRESS   кнопка DPAD_DOWN (up)
08:32:38.162          (пауза между шагами 41 мс)
08:32:38.208  RELEASE курок RT
08:32:38.208          (пауза между шагами 42 мс)
08:32:38.254  === COMBO END ===
08:32:39.669  ROTATION: цепочка 'Цепочка #2' кастуется, следующий повтор через 18.7с (диапазон 18.0-22.0с, независимо от других цепочек).
08:32:39.669  === COMBO START ['hold_RT', 'press_Y', 'release_RT'] ===
08:32:39.669  HOLD    курок RT
08:32:39.669          (пауза между шагами 70 мс)
08:32:39.746  PRESS   кнопка Y (down)
08:32:39.747          (держим Y 136 мс)
08:32:39.884  PRESS   кнопка Y (up)
08:32:39.885          (пауза между шагами 61 мс)
08:32:39.961  RELEASE курок RT
08:32:39.962          (пауза между шагами 63 мс)
08:32:40.038  === COMBO END ===
08:32:41.498  === COMBO START ['hold_RT', 'press_B', 'release_RT'] ===
08:32:41.498  HOLD    курок RT
08:32:41.499          (пауза между шагами 51 мс)
08:32:41.560  PRESS   кнопка B (down)
08:32:41.560          (держим B 77 мс)
08:32:41.652  PRESS   кнопка B (up)
08:32:41.652          (пауза между шагами 46 мс)
08:32:41.714  RELEASE курок RT
08:32:41.714          (пауза между шагами 60 мс)
08:32:41.775  === COMBO END ===
08:32:41.775  --- GAP после долгого каста: 5.4 сек (задано скиллом, ~5.0с) ---
08:32:47.187  ROTATION: цепочка 'Цепочка #3' кастуется, следующий повтор через 14.7с (диапазон 13.5-16.5с, независимо от других цепочек).
08:32:47.187  === COMBO START ['hold_RT', 'press_DPAD_RIGHT', 'release_RT'] ===
08:32:47.187  HOLD    курок RT
08:32:47.188          (пауза между шагами 69 мс)
08:32:47.264  PRESS   кнопка DPAD_RIGHT (down)
08:32:47.264          (держим DPAD_RIGHT 133 мс)
08:32:47.403  PRESS   кнопка DPAD_RIGHT (up)
08:32:47.403          (пауза между шагами 50 мс)
08:32:47.464  RELEASE курок RT
08:32:47.464          (пауза между шагами 67 мс)
08:32:47.541  === COMBO END ===
08:32:49.064  === COMBO START ['hold_RT', 'press_DPAD_RIGHT', 'release_RT'] ===
08:32:49.064  HOLD    курок RT
08:32:49.064          (пауза между шагами 66 мс)
08:32:49.141  PRESS   кнопка DPAD_RIGHT (down)
08:32:49.141          (держим DPAD_RIGHT 137 мс)
08:32:49.294  PRESS   кнопка DPAD_RIGHT (up)
08:32:49.295          (пауза между шагами 59 мс)
08:32:49.356  RELEASE курок RT
08:32:49.356          (пауза между шагами 67 мс)
08:32:49.433  === COMBO END ===
08:32:50.325  === COMBO START ['hold_RT', 'press_DPAD_LEFT', 'release_RT'] ===
08:32:50.325  HOLD    курок RT
08:32:50.325          (пауза между шагами 37 мс)
08:32:50.371  PRESS   кнопка DPAD_LEFT (down)
08:32:50.371          (держим DPAD_LEFT 116 мс)
08:32:50.494  PRESS   кнопка DPAD_LEFT (up)
08:32:50.494          (пауза между шагами 35 мс)
08:32:50.540  RELEASE курок RT
08:32:50.540          (пауза между шагами 60 мс)
08:32:50.602  === COMBO END ===
08:32:51.925  === COMBO START ['hold_RT', 'press_DPAD_UP', 'release_RT'] ===
08:32:51.925  HOLD    курок RT
08:32:51.925          (пауза между шагами 42 мс)
08:32:51.971  PRESS   кнопка DPAD_UP (down)
08:32:51.971          (держим DPAD_UP 124 мс)
08:32:52.109  PRESS   кнопка DPAD_UP (up)
08:32:52.109          (пауза между шагами 54 мс)
08:32:52.170  RELEASE курок RT
08:32:52.170          (пауза между шагами 36 мс)
08:32:52.217  === COMBO END ===
08:32:52.217  --- GAP после долгого каста: 2.2 сек (задано скиллом, ~2.0с) ---
08:32:54.401  === COMBO START ['hold_RT', 'press_DPAD_UP', 'release_RT'] ===
08:32:54.401  HOLD    курок RT
08:32:54.401          (пауза между шагами 50 мс)
08:32:54.463  PRESS   кнопка DPAD_UP (down)
08:32:54.463          (держим DPAD_UP 83 мс)
08:32:54.555  PRESS   кнопка DPAD_UP (up)
08:32:54.555          (пауза между шагами 47 мс)
08:32:54.616  RELEASE курок RT
08:32:54.616          (пауза между шагами 34 мс)
08:32:54.662  === COMBO END ===
08:32:54.662  --- GAP после долгого каста: 2.1 сек (задано скиллом, ~2.0с) ---
08:32:56.814  ROTATION: ни одна цепочка не готова -> запускаю автоатаку (RB). Остаток кулдауна: 'Цепочка #1 (Основная)'=5.5с, 'Цепочка #2'=1.6с, 'Цепочка #3'=5.1с
08:32:56.846  PRESS   одиночная кнопка 512 (action='attack')
08:32:56.954          (одиночная кнопка 512 отпущена, держали 105 мс)
08:32:58.919  ROTATION: цепочка 'Цепочка #2' кастуется, следующий повтор через 19.1с (диапазон 18.0-22.0с, независимо от других цепочек).
08:32:58.919  === COMBO START ['hold_RT', 'press_Y', 'release_RT'] ===
08:32:58.919  HOLD    курок RT
08:32:58.919          (пауза между шагами 45 мс)
08:32:58.968  PRESS   кнопка Y (down)
08:32:58.969          (держим Y 68 мс)
08:32:59.045  PRESS   кнопка Y (up)
08:32:59.046          (пауза между шагами 51 мс)
08:32:59.107  RELEASE курок RT
08:32:59.107          (пауза между шагами 59 мс)
08:32:59.168  === COMBO END ===
08:33:00.153  === COMBO START ['hold_RT', 'press_B', 'release_RT'] ===
08:33:00.153  HOLD    курок RT
08:33:00.153          (пауза между шагами 48 мс)
08:33:00.214  PRESS   кнопка B (down)
08:33:00.215          (держим B 87 мс)
08:33:00.306  PRESS   кнопка B (up)
08:33:00.306          (пауза между шагами 67 мс)
08:33:00.383  RELEASE курок RT
08:33:00.384          (пауза между шагами 61 мс)
08:33:00.460  === COMBO END ===
08:33:00.460  --- GAP после долгого каста: 4.8 сек (задано скиллом, ~5.0с) ---
